
> horseshowplatform@0.1.0 build
> tsc -b && vite build

vite v8.0.14 building client environment for production...
[2Ktransforming...✓ 1876 modules transformed.
rendering chunks...
computing gzip size...
dist/index.html                          0.45 kB │ gzip:   0.29 kB
dist/assets/pdf.worker-xSiVJ7U_.mjs  2,186.23 kB
dist/assets/index-BOdv07ZR.css          81.58 kB │ gzip:  15.23 kB
dist/assets/pdf.worker-DYsRRrim.js       0.06 kB │ gzip:   0.08 kB
dist/assets/gvlPdf-BFHSbSF9.js           1.39 kB │ gzip:   0.81 kB
dist/assets/jsQR-DlzYNqeg.js           129.98 kB │ gzip:  47.49 kB
dist/assets/pdf-BHHUV8u7.js            405.09 kB │ gzip: 120.77 kB
dist/assets/index-B7E9IwFN.js          621.77 kB │ gzip: 168.57 kB
dist/assets/Dashboard-ByJBlz7j.js      622.79 kB │ gzip: 145.50 kB

✓ built in 12.64s
[plugin builtin:vite-reporter] 
(!) Some chunks are larger than 500 kB after minification. Consider:
- Using dynamic import() to code-split the application
- Use build.rolldownOptions.output.codeSplitting to improve chunking: https://rolldown.rs/reference/OutputOptions.codeSplitting
- Adjust chunk size limit for this warning via build.chunkSizeWarningLimit.
