0001
0002
0003
0004
0005
0006
0007
0008
0009
0010
0040
0041
0011
0012
0013
0014
0015
0016
0017
0018
0019
0020
0021
20260807000300
0022
0023
0024
0025
0026
0027
0028
0029
0030
0031
0032
0033
0034
0035
0036
0037
0038
0039
0042
0043
0044
0045
0046
0047
0048
0049
0050
0051
0052
0053
0054
0055
0056
0057
0058
0059
0060
0061
0062
0063
0064
0065
0066
0067
0068
0069
0070
0071
0072
0073
0074
0075
0076
20260726141500
20260727083000
20260730140000
20260801000100
20260801000200
20260801000300
20260801000400
20260801000500
20260801000600
20260801000700
20260801000800
20260801000900
20260801001000
20260801001100
20260801001200
20260801001300
20260801001400
20260801001500
20260801001600
20260801001700
20260801001800
20260801001900
20260801002000
20260801002100
20260801002200
20260801002300
20260801002400
20260801002500
20260801002600
20260801002700
20260801002800
20260801002900
20260801003000
20260805000100
20260805000200
20260805000300
20260805000400
20260805000500
20260805000600
20260805000700
20260805000800
20260806000100
20260806000200
20260807000100
20260807000200
