Using workdir /tmp/hsp-reconciliation-20260904
 realtime Skipped - Image is already present locally 
 gateway Skipped - Image is already present locally 
 mailpit Skipped - Image is already present locally 
 pgmeta Skipped - Image is already present locally 
 db Skipped - Image is already present locally 
 api Skipped - Image is already present locally 
 auth Skipped - Image is already present locally 
Starting database...
Initialising schema...
Seeding globals from roles.sql...
Applying migration 0001_initial_schema.sql...
NOTICE (42710): extension "pgcrypto" already exists, skipping
Applying migration 0002_fix_organization_bootstrap_rls.sql...
Applying migration 0003_show_score_alignment.sql...
NOTICE (00000): trigger "show_score_class_setups_set_refs" for relation "public.show_score_class_setups" does not exist, skipping
NOTICE (00000): trigger "show_score_scoring_sessions_set_refs" for relation "public.show_score_scoring_sessions" does not exist, skipping
NOTICE (00000): trigger "show_score_judge_sessions_set_refs" for relation "public.show_score_judge_sessions" does not exist, skipping
NOTICE (00000): trigger "show_score_official_results_set_refs" for relation "public.show_score_official_results" does not exist, skipping
NOTICE (00000): trigger "show_score_publication_states_set_refs" for relation "public.show_score_publication_states" does not exist, skipping
NOTICE (00000): trigger "show_score_paid_warmups_set_refs" for relation "public.show_score_paid_warmups" does not exist, skipping
NOTICE (00000): trigger "show_score_class_setups_touch_updated_at" for relation "public.show_score_class_setups" does not exist, skipping
NOTICE (00000): trigger "show_score_scoring_sessions_touch_updated_at" for relation "public.show_score_scoring_sessions" does not exist, skipping
NOTICE (00000): trigger "show_score_judge_sessions_touch_updated_at" for relation "public.show_score_judge_sessions" does not exist, skipping
NOTICE (00000): trigger "show_score_official_results_touch_updated_at" for relation "public.show_score_official_results" does not exist, skipping
NOTICE (00000): trigger "show_score_publication_states_touch_updated_at" for relation "public.show_score_publication_states" does not exist, skipping
NOTICE (00000): trigger "show_score_paid_warmups_touch_updated_at" for relation "public.show_score_paid_warmups" does not exist, skipping
NOTICE (00000): policy "ShowScore staff can view class setups" for relation "public.show_score_class_setups" does not exist, skipping
NOTICE (00000): policy "ShowScore managers can manage class setups" for relation "public.show_score_class_setups" does not exist, skipping
NOTICE (00000): policy "ShowScore staff can view scoring sessions" for relation "public.show_score_scoring_sessions" does not exist, skipping
NOTICE (00000): policy "ShowScore scorers can manage scoring sessions" for relation "public.show_score_scoring_sessions" does not exist, skipping
NOTICE (00000): policy "ShowScore staff can view judge sessions" for relation "public.show_score_judge_sessions" does not exist, skipping
NOTICE (00000): policy "ShowScore scorers can manage judge sessions" for relation "public.show_score_judge_sessions" does not exist, skipping
NOTICE (00000): policy "ShowScore staff and public can view official results" for relation "public.show_score_official_results" does not exist, skipping
NOTICE (00000): policy "ShowScore managers can manage official results" for relation "public.show_score_official_results" does not exist, skipping
NOTICE (00000): policy "ShowScore staff and public can view publication states" for relation "public.show_score_publication_states" does not exist, skipping
NOTICE (00000): policy "ShowScore managers can manage publication states" for relation "public.show_score_publication_states" does not exist, skipping
NOTICE (00000): policy "ShowScore staff and public can view paid warmups" for relation "public.show_score_paid_warmups" does not exist, skipping
NOTICE (00000): policy "ShowScore managers can manage paid warmups" for relation "public.show_score_paid_warmups" does not exist, skipping
Applying migration 0004_phase1_rls_hardening.sql...
NOTICE (00000): trigger "show_roles_set_organization" for relation "public.show_roles" does not exist, skipping
NOTICE (00000): trigger "show_days_set_organization" for relation "public.show_days" does not exist, skipping
NOTICE (00000): trigger "classes_set_refs" for relation "public.classes" does not exist, skipping
NOTICE (00000): trigger "divisions_set_refs" for relation "public.divisions" does not exist, skipping
NOTICE (00000): trigger "horses_set_organization" for relation "public.horses" does not exist, skipping
NOTICE (00000): trigger "horse_contacts_set_organization" for relation "public.horse_contacts" does not exist, skipping
NOTICE (00000): trigger "entries_set_refs" for relation "public.entries" does not exist, skipping
NOTICE (00000): trigger "stall_options_set_refs" for relation "public.stall_options" does not exist, skipping
NOTICE (00000): trigger "stall_bookings_set_refs" for relation "public.stall_bookings" does not exist, skipping
NOTICE (00000): trigger "invoices_set_refs" for relation "public.invoices" does not exist, skipping
NOTICE (00000): trigger "invoice_line_items_set_refs" for relation "public.invoice_line_items" does not exist, skipping
NOTICE (00000): trigger "payments_set_refs" for relation "public.payments" does not exist, skipping
NOTICE (00000): policy "Horse creators can create their own horse contacts" for relation "public.horse_contacts" does not exist, skipping
Applying migration 0005_stall_booking_quantities.sql...
NOTICE (00000): trigger "stall_bookings_z_adjust_availability" for relation "public.stall_bookings" does not exist, skipping
Applying migration 0006_stall_booking_invoices.sql...
NOTICE (00000): policy "Linked contacts can view shows" for relation "public.shows" does not exist, skipping
NOTICE (00000): policy "Linked contacts can view organizations" for relation "public.organizations" does not exist, skipping
NOTICE (00000): policy "Linked contacts can view show days" for relation "public.show_days" does not exist, skipping
NOTICE (00000): policy "Linked contacts can view stall options" for relation "public.stall_options" does not exist, skipping
NOTICE (00000): trigger "stall_bookings_y_set_financials" for relation "public.stall_bookings" does not exist, skipping
NOTICE (00000): trigger "stall_bookings_invoice_sync" for relation "public.stall_bookings" does not exist, skipping
Applying migration 0007_contact_roles.sql...
NOTICE (00000): trigger "contact_roles_set_organization" for relation "public.contact_roles" does not exist, skipping
NOTICE (00000): trigger "contact_roles_touch_updated_at" for relation "public.contact_roles" does not exist, skipping
NOTICE (00000): policy "Staff and linked users can view contact roles" for relation "public.contact_roles" does not exist, skipping
NOTICE (00000): policy "Staff and linked users can create contact roles" for relation "public.contact_roles" does not exist, skipping
NOTICE (00000): policy "Staff and linked users can update contact roles" for relation "public.contact_roles" does not exist, skipping
NOTICE (00000): policy "Staff can delete contact roles" for relation "public.contact_roles" does not exist, skipping
Applying migration 0008_entry_invoices.sql...
NOTICE (00000): trigger "entries_invoice_sync" for relation "public.entries" does not exist, skipping
Applying migration 0009_stall_bookings_full_show.sql...
Applying migration 0010_tack_stall_assignment_limits.sql...
Applying migration 0011_unique_horse_stall_per_show.sql...
NOTICE (00000): trigger "stall_bookings_assert_one_horse_stall_per_show" for relation "public.stall_bookings" does not exist, skipping
Applying migration 0012_split_reservation_billing.sql...
Applying migration 0013_invoice_line_descriptions_from_booking_notes.sql...
NOTICE (00000): trigger "stall_bookings_zz_invoice_description_sync" for relation "public.stall_bookings" does not exist, skipping
Applying migration 0014_horse_contact_creator_management.sql...
NOTICE (00000): policy "Horse creators can manage their own horse contacts" for relation "public.horse_contacts" does not exist, skipping
Applying migration 0015_class_program_templates.sql...
NOTICE (00000): trigger "class_template_divisions_set_organization" for relation "public.class_template_divisions" does not exist, skipping
NOTICE (00000): trigger "sanctioning_bodies_touch_updated_at" for relation "public.sanctioning_bodies" does not exist, skipping
NOTICE (00000): trigger "class_templates_touch_updated_at" for relation "public.class_templates" does not exist, skipping
NOTICE (00000): trigger "class_template_divisions_touch_updated_at" for relation "public.class_template_divisions" does not exist, skipping
NOTICE (00000): policy "Anyone can view sanctioning bodies" for relation "public.sanctioning_bodies" does not exist, skipping
NOTICE (00000): policy "Platform admins manage sanctioning bodies" for relation "public.sanctioning_bodies" does not exist, skipping
NOTICE (00000): policy "Organization members can view class templates" for relation "public.class_templates" does not exist, skipping
NOTICE (00000): policy "Organization staff manage class templates" for relation "public.class_templates" does not exist, skipping
NOTICE (00000): policy "Organization members can view class template divisions" for relation "public.class_template_divisions" does not exist, skipping
NOTICE (00000): policy "Organization staff manage class template divisions" for relation "public.class_template_divisions" does not exist, skipping
Applying migration 0016_nrha_slate_numbers.sql...
Applying migration 0017_aqr_house_sanctioning_body.sql...
Applying migration 0018_entry_judge_fees_by_block.sql...
Applying migration 0019_show_payment_settings.sql...
NOTICE (00000): constraint "shows_reservation_payment_policy_check" of relation "shows" does not exist, skipping
NOTICE (00000): constraint "shows_entry_payment_policy_check" of relation "shows" does not exist, skipping
NOTICE (00000): constraint "shows_entry_preauth_timing_check" of relation "shows" does not exist, skipping
NOTICE (00000): constraint "shows_entry_settlement_timing_check" of relation "shows" does not exist, skipping
NOTICE (00000): constraint "shows_entry_preauth_amount_strategy_check" of relation "shows" does not exist, skipping
NOTICE (00000): constraint "shows_entry_preauth_margin_percent_check" of relation "shows" does not exist, skipping
Applying migration 0020_show_days_from_show_dates.sql...
NOTICE (00000): trigger "shows_ensure_show_days" for relation "public.shows" does not exist, skipping
Applying migration 0021_fix_split_tack_invoice_quantities.sql...
NOTICE (42701): column "affects_inventory" of relation "stall_bookings" already exists, skipping
NOTICE (42701): column "billable" of relation "stall_bookings" already exists, skipping
Applying migration 0022_test_cleanup_delete_policies.sql...
NOTICE (00000): policy "Staff and related users can delete entries" for relation "public.entries" does not exist, skipping
NOTICE (00000): policy "Staff and related users can delete stall bookings" for relation "public.stall_bookings" does not exist, skipping
NOTICE (00000): policy "Staff and related users can delete horse contacts" for relation "public.horse_contacts" does not exist, skipping
NOTICE (00000): policy "Staff and related users can delete horses" for relation "public.horses" does not exist, skipping
Applying migration 0023_multiple_contacts_per_account.sql...
NOTICE (42P07): relation "idx_contacts_linked_user_id" already exists, skipping
Applying migration 0024_user_signup_contact_dedup.sql...
NOTICE (00000): trigger "contacts_normalize_email" for relation "public.contacts" does not exist, skipping
NOTICE (42P07): relation "idx_contacts_linked_user_id" already exists, skipping
Applying migration 0025_global_people_external_memberships.sql...
NOTICE (00000): trigger "contact_organization_links_touch_updated_at" for relation "public.contact_organization_links" does not exist, skipping
NOTICE (00000): trigger "horse_organization_links_touch_updated_at" for relation "public.horse_organization_links" does not exist, skipping
NOTICE (00000): trigger "external_organizations_touch_updated_at" for relation "public.external_organizations" does not exist, skipping
NOTICE (00000): trigger "organization_external_membership_requirements_touch_updated_at" for relation "public.organization_external_membership_requirements" does not exist, skipping
NOTICE (00000): trigger "contact_external_memberships_touch_updated_at" for relation "public.contact_external_memberships" does not exist, skipping
NOTICE (00000): policy "Staff and linked users can view contact organization links" for relation "public.contact_organization_links" does not exist, skipping
NOTICE (00000): policy "Staff and linked users can create contact organization links" for relation "public.contact_organization_links" does not exist, skipping
NOTICE (00000): policy "Staff and linked users can update contact organization links" for relation "public.contact_organization_links" does not exist, skipping
NOTICE (00000): policy "Staff and linked users can view horse organization links" for relation "public.horse_organization_links" does not exist, skipping
NOTICE (00000): policy "Staff and linked users can create horse organization links" for relation "public.horse_organization_links" does not exist, skipping
NOTICE (00000): policy "Staff and linked users can update horse organization links" for relation "public.horse_organization_links" does not exist, skipping
NOTICE (00000): policy "Authenticated users can view external organizations" for relation "public.external_organizations" does not exist, skipping
NOTICE (00000): policy "Organization admins manage external organizations" for relation "public.external_organizations" does not exist, skipping
NOTICE (00000): policy "Members can view external membership requirements" for relation "public.organization_external_membership_requirements" does not exist, skipping
NOTICE (00000): policy "Admins manage external membership requirements" for relation "public.organization_external_membership_requirements" does not exist, skipping
NOTICE (00000): policy "Staff and linked users can view contact external memberships" for relation "public.contact_external_memberships" does not exist, skipping
NOTICE (00000): policy "Staff and linked users can manage contact external memberships" for relation "public.contact_external_memberships" does not exist, skipping
Applying migration 0026_contact_delete_policy.sql...
NOTICE (00000): policy "Staff and linked users can delete contacts" for relation "public.contacts" does not exist, skipping
Applying migration 0027_horse_external_memberships.sql...
NOTICE (00000): trigger "horse_external_memberships_touch_updated_at" for relation "public.horse_external_memberships" does not exist, skipping
NOTICE (00000): policy "Staff and linked users can view horse external memberships" for relation "public.horse_external_memberships" does not exist, skipping
NOTICE (00000): policy "Staff and linked users can manage horse external memberships" for relation "public.horse_external_memberships" does not exist, skipping
Applying migration 0028_horse_health_documents.sql...
NOTICE (42701): column "horse_date_of_birth" of relation "horse_health_documents" already exists, skipping
NOTICE (00000): trigger "horse_health_documents_touch_updated_at" for relation "public.horse_health_documents" does not exist, skipping
NOTICE (00000): policy "Staff and linked users can view horse health documents" for relation "public.horse_health_documents" does not exist, skipping
NOTICE (00000): policy "Staff and linked users can manage horse health documents" for relation "public.horse_health_documents" does not exist, skipping
NOTICE (00000): policy "Staff and linked users can create horse health documents" for relation "public.horse_health_documents" does not exist, skipping
NOTICE (00000): policy "Association managers can review horse health documents" for relation "public.horse_health_documents" does not exist, skipping
NOTICE (00000): policy "Linked users can refresh GVL horse health documents" for relation "public.horse_health_documents" does not exist, skipping
NOTICE (00000): policy "Staff and linked users can delete horse health documents" for relation "public.horse_health_documents" does not exist, skipping
Applying migration 0029_horse_date_of_birth.sql...
Applying migration 0030_coggins_validity_rules.sql...
NOTICE (00000): trigger "entries_zz_enforce_coggins_health" for relation "public.entries" does not exist, skipping
NOTICE (00000): trigger "stall_bookings_zz_enforce_coggins_health" for relation "public.stall_bookings" does not exist, skipping
Applying migration 0031_vaccine_health_rules.sql...
Applying migration 0032_contact_creator_horse_access.sql...
Applying migration 0033_health_document_storage_read_policy.sql...
NOTICE (00000): policy "Staff and linked users can view health document files" for relation "storage.objects" does not exist, skipping
Applying migration 0034_division_payout_settings.sql...
NOTICE (00000): constraint "class_template_divisions_default_payout_schedule_type_check" of relation "class_template_divisions" does not exist, skipping
NOTICE (00000): constraint "divisions_payout_schedule_type_check" of relation "divisions" does not exist, skipping
NOTICE (00000): constraint "class_template_divisions_default_payout_money_check" of relation "class_template_divisions" does not exist, skipping
NOTICE (00000): constraint "class_template_divisions_default_payout_percent_check" of relation "class_template_divisions" does not exist, skipping
NOTICE (00000): constraint "divisions_payout_money_check" of relation "divisions" does not exist, skipping
NOTICE (00000): constraint "divisions_payout_percent_check" of relation "divisions" does not exist, skipping
Applying migration 0035_entry_deadlines_late_fees_draw.sql...
NOTICE (00000): constraint "classes_late_entry_fee_percent_check" of relation "classes" does not exist, skipping
NOTICE (00000): constraint "entries_late_fee_check" of relation "entries" does not exist, skipping
Applying migration 0036_entry_program_draw_rules.sql...
NOTICE (00000): trigger "entries_program_limits" for relation "public.entries" does not exist, skipping
Applying migration 0037_show_score_draw_visible_fields.sql...
Applying migration 0038_invoice_program_nomenclature.sql...
Applying migration 0039_back_number_management.sql...
NOTICE (00000): trigger "organization_back_numbers_touch_updated_at" for relation "public.organization_back_numbers" does not exist, skipping
NOTICE (00000): policy "Staff and related users can view organization back numbers" for relation "public.organization_back_numbers" does not exist, skipping
NOTICE (00000): policy "Organization staff can create organization back numbers" for relation "public.organization_back_numbers" does not exist, skipping
NOTICE (00000): policy "Organization staff can update organization back numbers" for relation "public.organization_back_numbers" does not exist, skipping
NOTICE (00000): policy "Organization staff can delete organization back numbers" for relation "public.organization_back_numbers" does not exist, skipping
Applying migration 0040_user_back_number_claims.sql...
NOTICE (00000): constraint "organizations_back_number_policy_check" of relation "organizations" does not exist, skipping
NOTICE (00000): constraint "organization_back_numbers_assignment_check" of relation "organization_back_numbers" does not exist, skipping
Applying migration 0041_global_contact_email_dedup.sql...
NOTICE (00000): table "contact_global_dedup_map" does not exist, skipping
NOTICE (00000): index "idx_contacts_org_email" does not exist, skipping
Applying migration 0042_organization_billing_settings.sql...
Applying migration 0043_short_invoice_numbers.sql...
NOTICE (00000): constraint "invoices_invoice_number_format_check" of relation "invoices" does not exist, skipping
Applying migration 0044_block_reservations_with_open_invoice_balance.sql...
NOTICE (00000): trigger "stall_bookings_zz_block_open_invoice_balance" for relation "public.stall_bookings" does not exist, skipping
Applying migration 0045_class_schedule_start_mode.sql...
NOTICE (00000): constraint "classes_schedule_start_mode_check" of relation "classes" does not exist, skipping
Applying migration 0046_schedule_event_blocks.sql...
Applying migration 0047_user_profile_enrichment.sql...
Applying migration 0048_contact_rider_fields.sql...
Applying migration 0049_show_announcements.sql...
Applying migration 0050_showscore_compatibility.sql...
NOTICE (00000): trigger "ensure_show_slug_trigger" for relation "public.shows" does not exist, skipping
NOTICE (00000): trigger "ensure_org_slug_trigger" for relation "public.organizations" does not exist, skipping
NOTICE (00000): trigger "associations_insert_trigger" for relation "public.associations" does not exist, skipping
NOTICE (00000): trigger "associations_update_trigger" for relation "public.associations" does not exist, skipping
NOTICE (00000): trigger "associations_delete_trigger" for relation "public.associations" does not exist, skipping
NOTICE (00000): trigger "days_insert_trigger" for relation "public.days" does not exist, skipping
NOTICE (00000): trigger "days_update_trigger" for relation "public.days" does not exist, skipping
NOTICE (00000): trigger "days_delete_trigger" for relation "public.days" does not exist, skipping
NOTICE (00000): trigger "association_memberships_insert_trigger" for relation "public.association_memberships" does not exist, skipping
NOTICE (00000): trigger "association_memberships_delete_trigger" for relation "public.association_memberships" does not exist, skipping
Applying migration 0051_showscore_public_access.sql...
NOTICE (00000): policy "Anyone can view organizations" for relation "public.organizations" does not exist, skipping
NOTICE (00000): policy "Anyone can view public shows" for relation "public.shows" does not exist, skipping
NOTICE (00000): policy "Anyone can view days of public shows" for relation "public.show_days" does not exist, skipping
NOTICE (00000): policy "Anyone can view classes of public shows" for relation "public.classes" does not exist, skipping
NOTICE (00000): policy "Anyone can view class setups of public shows" for relation "public.show_score_class_setups" does not exist, skipping
NOTICE (00000): policy "Anyone can view official results of public shows" for relation "public.show_score_official_results" does not exist, skipping
NOTICE (00000): policy "Anyone can view publication states of public shows" for relation "public.show_score_publication_states" does not exist, skipping
Applying migration 0052_platform_admin.sql...
Applying migration 0053_association_invitations.sql...
Applying migration 0054_auto_create_user_profile.sql...
NOTICE (00000): trigger "on_auth_user_created" for relation "auth.users" does not exist, skipping
Applying migration 0055_backfill_user_profiles.sql...
Applying migration 0056_expand_org_member_roles.sql...
Applying migration 0057_paid_warmup_missing_cols.sql...
Applying migration 0058_showscore_timing_functions.sql...
NOTICE (00000): function public.public_show_timing_summary(text,pg_catalog.int4) does not exist, skipping
NOTICE (00000): function public.public_show_timing_summary(uuid,pg_catalog.int4) does not exist, skipping
Applying migration 0059_showscore_app_events.sql...
NOTICE (42710): extension "pgcrypto" already exists, skipping
NOTICE (00000): policy "Platform admins can read app events" for relation "public.app_events" does not exist, skipping
NOTICE (00000): policy "Association managers can read association audit events" for relation "public.app_events" does not exist, skipping
Applying migration 0060_showscore_remaining_compat_columns.sql...
Applying migration 0061_showscore_public_visibility_policies.sql...
NOTICE (00000): policy "ShowScore public can view visible shows" for relation "public.shows" does not exist, skipping
NOTICE (00000): policy "ShowScore public can view visible show days" for relation "public.show_days" does not exist, skipping
NOTICE (00000): policy "ShowScore public can view visible classes" for relation "public.classes" does not exist, skipping
NOTICE (00000): policy "ShowScore public can view visible class setups" for relation "public.show_score_class_setups" does not exist, skipping
NOTICE (00000): policy "ShowScore public can view visible publication states" for relation "public.show_score_publication_states" does not exist, skipping
NOTICE (00000): policy "ShowScore public can view visible official results" for relation "public.show_score_official_results" does not exist, skipping
NOTICE (00000): policy "ShowScore public can view visible scoring sessions" for relation "public.show_score_scoring_sessions" does not exist, skipping
NOTICE (00000): policy "ShowScore public can view visible judge sessions" for relation "public.show_score_judge_sessions" does not exist, skipping
NOTICE (00000): policy "ShowScore public can view visible paid warmups" for relation "public.show_score_paid_warmups" does not exist, skipping
NOTICE (00000): policy "ShowScore public can view published class result publications" for relation "public.class_result_publications" does not exist, skipping
Applying migration 0062_monetization_scaffold.sql...
NOTICE (00000): constraint "organizations_subscription_plan_check" of relation "organizations" does not exist, skipping
Applying migration 0063_showscore_scored_runs_results.sql...
NOTICE (00000): trigger "set_scored_runs_updated_at_trigger" for relation "public.scored_runs" does not exist, skipping
NOTICE (00000): trigger "set_block_run_entries_updated_at_trigger" for relation "public.block_run_entries" does not exist, skipping
NOTICE (00000): trigger "sync_entry_results_for_scored_run_trigger" for relation "public.scored_runs" does not exist, skipping
NOTICE (00000): trigger "sync_entry_result_for_block_run_link_trigger" for relation "public.block_run_class_entries" does not exist, skipping
NOTICE (00000): policy "Staff can view scored runs" for relation "public.scored_runs" does not exist, skipping
NOTICE (00000): policy "Staff can write scored runs" for relation "public.scored_runs" does not exist, skipping
NOTICE (00000): policy "Staff can view block run entries" for relation "public.block_run_entries" does not exist, skipping
NOTICE (00000): policy "Staff can write block run entries" for relation "public.block_run_entries" does not exist, skipping
NOTICE (00000): policy "Staff can view block run class entries" for relation "public.block_run_class_entries" does not exist, skipping
NOTICE (00000): policy "Staff can write block run class entries" for relation "public.block_run_class_entries" does not exist, skipping
NOTICE (00000): policy "Staff can view entry results" for relation "public.entry_results" does not exist, skipping
NOTICE (00000): policy "Staff can write entry results" for relation "public.entry_results" does not exist, skipping
Applying migration 0064_results_payouts.sql...
NOTICE (00000): trigger "set_payout_schedules_updated_at_trigger" for relation "public.payout_schedules" does not exist, skipping
NOTICE (00000): trigger "enforce_payout_calculation_status_transition_trigger" for relation "public.payout_calculations" does not exist, skipping
NOTICE (00000): trigger "set_payout_calculations_updated_at_trigger" for relation "public.payout_calculations" does not exist, skipping
NOTICE (00000): trigger "set_payout_awards_updated_at_trigger" for relation "public.payout_awards" does not exist, skipping
NOTICE (00000): policy "Anyone can read payout schedules" for relation "public.payout_schedules" does not exist, skipping
NOTICE (00000): policy "Anyone can read payout schedule brackets" for relation "public.payout_schedule_brackets" does not exist, skipping
NOTICE (00000): policy "Staff can manage payout calculations" for relation "public.payout_calculations" does not exist, skipping
NOTICE (00000): policy "Public can read published payout calculations" for relation "public.payout_calculations" does not exist, skipping
NOTICE (00000): policy "Staff can manage payout awards" for relation "public.payout_awards" does not exist, skipping
NOTICE (00000): policy "Public can read published payout awards" for relation "public.payout_awards" does not exist, skipping
Applying migration 0065_aqr_audit_import_batches.sql...
NOTICE (00000): policy "Staff can view entry import batches" for relation "public.entry_import_batches" does not exist, skipping
NOTICE (00000): policy "Staff can manage entry import batches" for relation "public.entry_import_batches" does not exist, skipping
Applying migration 0066_showscore_scoring_session_scribe_rls.sql...
Applying migration 0067_internal_memberships.sql...
NOTICE (00000): trigger "organization_membership_types_touch_updated_at" for relation "public.organization_membership_types" does not exist, skipping
NOTICE (00000): trigger "contact_organization_memberships_touch_updated_at" for relation "public.contact_organization_memberships" does not exist, skipping
NOTICE (00000): trigger "organization_products_touch_updated_at" for relation "public.organization_products" does not exist, skipping
NOTICE (00000): trigger "manual_sales_touch_updated_at" for relation "public.manual_sales" does not exist, skipping
NOTICE (00000): trigger "set_internal_membership_defaults_trigger" for relation "public.contact_organization_memberships" does not exist, skipping
NOTICE (00000): trigger "contact_organization_memberships_invoice_sync" for relation "public.contact_organization_memberships" does not exist, skipping
NOTICE (00000): trigger "set_manual_sale_defaults_trigger" for relation "public.manual_sales" does not exist, skipping
NOTICE (00000): trigger "manual_sales_invoice_sync" for relation "public.manual_sales" does not exist, skipping
NOTICE (00000): policy "Members can view internal membership types" for relation "public.organization_membership_types" does not exist, skipping
NOTICE (00000): policy "Staff can manage internal membership types" for relation "public.organization_membership_types" does not exist, skipping
NOTICE (00000): policy "Members can view internal memberships" for relation "public.contact_organization_memberships" does not exist, skipping
NOTICE (00000): policy "Staff can manage internal memberships" for relation "public.contact_organization_memberships" does not exist, skipping
NOTICE (00000): policy "Members can view organization products" for relation "public.organization_products" does not exist, skipping
NOTICE (00000): policy "Staff can manage organization products" for relation "public.organization_products" does not exist, skipping
NOTICE (00000): policy "Staff can view manual sales" for relation "public.manual_sales" does not exist, skipping
NOTICE (00000): policy "Staff can manage manual sales" for relation "public.manual_sales" does not exist, skipping
Applying migration 0068_invoice_refs_nullable_show.sql...
Applying migration 0069_personal_internal_membership_sales.sql...
NOTICE (00000): policy "Linked users can view active internal membership types" for relation "public.organization_membership_types" does not exist, skipping
NOTICE (00000): policy "Linked users can create own internal memberships" for relation "public.contact_organization_memberships" does not exist, skipping
Applying migration 0070_coowner_platform_admin_only.sql...
Applying migration 0071_personal_membership_association_search.sql...
NOTICE (00000): policy "Linked users can view organizations for their contacts" for relation "public.organizations" does not exist, skipping
Applying migration 0072_membership_purchase_public_catalog.sql...
NOTICE (00000): policy "Authenticated users can view membership seller organizations" for relation "public.organizations" does not exist, skipping
NOTICE (00000): policy "Authenticated users can view active internal membership types" for relation "public.organization_membership_types" does not exist, skipping
Applying migration 0073_horse_lineage_fields.sql...
Applying migration 0074_nrha_rider_rankings.sql...
NOTICE (00000): trigger "nrha_rider_rankings_touch_updated_at" for relation "public.nrha_rider_rankings" does not exist, skipping
NOTICE (00000): policy "Authenticated users can view NRHA rider rankings" for relation "public.nrha_rider_rankings" does not exist, skipping
NOTICE (00000): policy "Platform admins manage NRHA rider rankings" for relation "public.nrha_rider_rankings" does not exist, skipping
Applying migration 0075_contacts_middle_name.sql...
Applying migration 0076_entry_invoice_late_fees.sql...
Applying migration 20260726141500_fix_platform_admin_identity.sql...
Applying migration 20260727083000_add_class_scoresheet_documents.sql...
NOTICE (00000): policy "Members can read scanned class scoresheets" for relation "public.show_score_class_documents" does not exist, skipping
NOTICE (00000): policy "Public can read scanned scoresheets for visible classes" for relation "public.show_score_class_documents" does not exist, skipping
NOTICE (00000): policy "Managers can insert scanned class scoresheets" for relation "public.show_score_class_documents" does not exist, skipping
NOTICE (00000): policy "Managers can update scanned class scoresheets" for relation "public.show_score_class_documents" does not exist, skipping
NOTICE (00000): policy "Managers can delete scanned class scoresheets" for relation "public.show_score_class_documents" does not exist, skipping
NOTICE (00000): policy "Public can view scanned class scoresheets" for relation "storage.objects" does not exist, skipping
NOTICE (00000): policy "Managers can upload scanned class scoresheets" for relation "storage.objects" does not exist, skipping
NOTICE (00000): policy "Managers can replace scanned class scoresheets" for relation "storage.objects" does not exist, skipping
NOTICE (00000): policy "Managers can delete scanned class scoresheets" for relation "storage.objects" does not exist, skipping
Applying migration 20260730140000_add_obs_overlay_mode.sql...
Applying migration 20260801000100_foundation_catalogs_directories_slates.sql...
Applying migration 20260801000200_blocks_classes_core_rebuild.sql...
NOTICE (00000): trigger "classes_set_refs" for relation "public.blocks" does not exist, skipping
NOTICE (00000): trigger "divisions_set_refs" for relation "public.classes" does not exist, skipping
NOTICE (00000): trigger "class_template_divisions_set_organization" for relation "public.class_templates" does not exist, skipping
NOTICE (00000): trigger "show_score_class_setups_set_refs" for relation "public.show_score_block_setups" does not exist, skipping
NOTICE (00000): trigger "show_score_scoring_sessions_set_refs" for relation "public.show_score_scoring_sessions" does not exist, skipping
NOTICE (00000): trigger "show_score_judge_sessions_set_refs" for relation "public.show_score_judge_sessions" does not exist, skipping
NOTICE (00000): trigger "show_score_official_results_set_refs" for relation "public.show_score_official_results" does not exist, skipping
NOTICE (00000): trigger "show_score_publication_states_set_refs" for relation "public.show_score_publication_states" does not exist, skipping
Applying migration 20260801000300_directory_authority_identity_access.sql...
Applying migration 20260801000400_remove_legacy_identity_organization_paths.sql...
Applying migration 20260801000500_global_identity_table_privileges.sql...
Applying migration 20260801000600_identity_similarity_search.sql...
Applying migration 20260801000700_authenticated_application_table_privileges.sql...
Applying migration 20260801000800_showscore_block_function_alignment.sql...
Applying migration 20260801000900_external_data_sources_catalog.sql...
Applying migration 20260801001000_external_credential_issuers_identifiers.sql...
Applying migration 20260801001100_class_governing_body_metadata.sql...
Applying migration 20260801001200_team_eligibility_decisions.sql...
Applying migration 20260801001300_independent_horse_documents_and_registration_status.sql...
NOTICE (00000): trigger "horse_documents_touch_updated_at" for relation "public.horse_documents" does not exist, skipping
NOTICE (00000): trigger "horse_documents_enforce_immutability" for relation "public.horse_documents" does not exist, skipping
NOTICE (00000): index "idx_horse_health_documents_organization_id" does not exist, skipping
NOTICE (00000): policy "Authorized users can view horse document files" for relation "storage.objects" does not exist, skipping
NOTICE (00000): policy "Authorized users can upload horse document files" for relation "storage.objects" does not exist, skipping
Applying migration 20260801001400_versioned_horse_document_identity_validations.sql...
Applying migration 20260801001500_lock_verified_horse_identity_fields.sql...
Applying migration 20260801001600_audited_horse_identity_corrections.sql...
Applying migration 20260801001700_organization_health_policies.sql...
Applying migration 20260801001800_horse_health_compliance_engine.sql...
Applying migration 20260801001900_horse_health_compliance_presentation.sql...
Applying migration 20260801002000_entry_reservation_health_compliance.sql...
NOTICE (00000): trigger "entries_zz_enforce_health_compliance" for relation "public.entries" does not exist, skipping
NOTICE (00000): trigger "stall_bookings_zz_enforce_health_compliance" for relation "public.stall_bookings" does not exist, skipping
Applying migration 20260801002100_bloc3_health_legacy_cleanup.sql...
Applying migration 20260801002200_showscore_paid_warmup_block_sync.sql...
NOTICE (00000): trigger "show_score_paid_warmups_delete_block" for relation "public.show_score_paid_warmups" does not exist, skipping
Applying migration 20260801002300_showscore_live_setup_compatibility.sql...
Applying migration 20260801002350_reconcile_showscore_live_setup_compatibility.sql...
NOTICE (00000): trigger "stamp_show_score_live_source_change" for relation "public.show_score_block_setups" does not exist, skipping
NOTICE (00000): function public.stamp_show_score_live_source_change() does not exist, skipping
NOTICE (42701): column "set_approval_mode" of relation "show_score_block_setups" already exists, skipping
NOTICE (42701): column "set_approvals" of relation "show_score_block_setups" already exists, skipping
NOTICE (42701): column "live_data_source" of relation "show_score_block_setups" already exists, skipping
NOTICE (42701): column "live_display_mode" of relation "show_score_block_setups" already exists, skipping
NOTICE (42701): column "qualified_rider_count" of relation "show_score_block_setups" already exists, skipping
NOTICE (42701): column "live_source_changed_at" of relation "show_score_block_setups" already exists, skipping
NOTICE (42701): column "live_source_changed_by" of relation "show_score_block_setups" already exists, skipping
NOTICE (00000): constraint "show_score_class_setups_set_approval_mode_check" of relation "show_score_block_setups" does not exist, skipping
NOTICE (00000): constraint "show_score_class_setups_live_data_source_check" of relation "show_score_block_setups" does not exist, skipping
NOTICE (00000): constraint "show_score_class_setups_live_display_mode_check" of relation "show_score_block_setups" does not exist, skipping
NOTICE (00000): constraint "show_score_class_setups_qualified_rider_count_check" of relation "show_score_block_setups" does not exist, skipping
NOTICE (42701): column "set_approvals" of relation "show_score_judge_sessions" already exists, skipping
Applying migration 20260801002400_showscore_paid_warmup_existing_block_authority.sql...
Applying migration 20260801002500_configurable_eligibility_requirements.sql...
Applying migration 20260801002600_explicit_block_schedule_dependencies.sql...
NOTICE (00000): trigger "blocks_validate_schedule_dependency" for relation "public.blocks" does not exist, skipping
Applying migration 20260801002700_showscore_announcer_live_sessions.sql...
NOTICE (00000): trigger "touch_show_score_announcer_live_session" for relation "public.show_score_announcer_live_sessions" does not exist, skipping
NOTICE (00000): policy "ShowScore public can view announcer live sessions" for relation "public.show_score_announcer_live_sessions" does not exist, skipping
Applying migration 20260801002800_showscore_championship_seasons.sql...
NOTICE (00000): trigger "show_score_championship_seasons_touch_updated_at" for relation "public.show_score_championship_seasons" does not exist, skipping
NOTICE (00000): trigger "show_score_public_championship_seasons_touch_updated_at" for relation "public.show_score_public_championship_seasons" does not exist, skipping
NOTICE (00000): policy "ShowScore managers read championship seasons" for relation "public.show_score_championship_seasons" does not exist, skipping
NOTICE (00000): policy "ShowScore managers insert championship seasons" for relation "public.show_score_championship_seasons" does not exist, skipping
NOTICE (00000): policy "ShowScore managers update championship seasons" for relation "public.show_score_championship_seasons" does not exist, skipping
NOTICE (00000): policy "ShowScore managers delete championship seasons" for relation "public.show_score_championship_seasons" does not exist, skipping
NOTICE (00000): policy "Anyone can read published championship seasons" for relation "public.show_score_public_championship_seasons" does not exist, skipping
NOTICE (00000): policy "ShowScore managers insert public championship seasons" for relation "public.show_score_public_championship_seasons" does not exist, skipping
NOTICE (00000): policy "ShowScore managers update public championship seasons" for relation "public.show_score_public_championship_seasons" does not exist, skipping
NOTICE (00000): policy "ShowScore managers delete public championship seasons" for relation "public.show_score_public_championship_seasons" does not exist, skipping
Applying migration 20260801002900_fix_showscore_championship_manager_identity.sql...
Applying migration 20260801003000_showscore_championship_updates.sql...
NOTICE (42710): extension "pgcrypto" already exists, skipping
NOTICE (00000): trigger "championship_update_subscribers_touch_updated_at" for relation "public.show_score_championship_update_subscribers" does not exist, skipping
NOTICE (00000): trigger "championship_update_campaigns_touch_updated_at" for relation "public.show_score_championship_update_campaigns" does not exist, skipping
NOTICE (00000): policy "ShowScore managers read championship update subscribers" for relation "public.show_score_championship_update_subscribers" does not exist, skipping
NOTICE (00000): policy "ShowScore managers read championship update campaigns" for relation "public.show_score_championship_update_campaigns" does not exist, skipping
NOTICE (00000): policy "ShowScore managers read championship update deliveries" for relation "public.show_score_championship_update_deliveries" does not exist, skipping
Applying migration 20260805000100_showscore_tv_display_media.sql...
NOTICE (00000): constraint "shows_tv_display_video_size_check" of relation "shows" does not exist, skipping
NOTICE (00000): policy "Public can view TV display media" for relation "storage.objects" does not exist, skipping
NOTICE (00000): policy "Organization managers upload TV display media" for relation "storage.objects" does not exist, skipping
NOTICE (00000): policy "Organization managers replace TV display media" for relation "storage.objects" does not exist, skipping
NOTICE (00000): policy "Organization managers delete TV display media" for relation "storage.objects" does not exist, skipping
Applying migration 20260805000200_remove_aqr_audit_import.sql...
Applying migration 20260805000300_showscore_paid_warmup_active_item.sql...
Applying migration 20260805000400_showscore_paid_warmup_realtime.sql...
Applying migration 20260805000500_showscore_live_display_realtime.sql...
Applying migration 20260805000600_showscore_setup_defaults.sql...
Applying migration 20260805000700_showscore_announcer_live_realtime.sql...
Applying migration 20260805000800_shows_realtime.sql...
Applying migration 20260806000100_incentive_nomination_programs.sql...
Applying migration 20260806000200_incentive_program_age_pricing.sql...
Applying migration 20260807000100_showscore_public_broadcast.sql...
NOTICE (00000): policy "ShowScore public displays can receive private broadcasts" for relation "realtime.messages" does not exist, skipping
NOTICE (00000): trigger "showscore_public_broadcast_shows" for relation "public.shows" does not exist, skipping
NOTICE (00000): trigger "showscore_public_broadcast_blocks_visibility" for relation "public.blocks" does not exist, skipping
NOTICE (00000): trigger "showscore_public_broadcast_blocks_delete" for relation "public.blocks" does not exist, skipping
NOTICE (00000): trigger "showscore_public_broadcast_show_score_paid_warmups" for relation "public.show_score_paid_warmups" does not exist, skipping
NOTICE (00000): trigger "showscore_public_broadcast_show_score_scoring_sessions" for relation "public.show_score_scoring_sessions" does not exist, skipping
NOTICE (00000): trigger "showscore_public_broadcast_show_score_judge_sessions" for relation "public.show_score_judge_sessions" does not exist, skipping
NOTICE (00000): trigger "showscore_public_broadcast_show_score_block_setups" for relation "public.show_score_block_setups" does not exist, skipping
NOTICE (00000): trigger "showscore_public_broadcast_show_score_publication_states" for relation "public.show_score_publication_states" does not exist, skipping
NOTICE (00000): trigger "showscore_public_broadcast_show_score_official_results" for relation "public.show_score_official_results" does not exist, skipping
NOTICE (00000): trigger "showscore_public_broadcast_show_score_announcer_live_sessions" for relation "public.show_score_announcer_live_sessions" does not exist, skipping
Applying migration 20260807000200_compatibility_views_security_invoker.sql...
Applying migration 20260807000300_initialize_announcer_live_sessions.sql...
NOTICE (00000): trigger "sync_show_score_announcer_session_from_setup" for relation "public.show_score_block_setups" does not exist, skipping
Applying migration 20260807000400_repair_recurring_block_class_copy.sql...
Applying migration 20260824130000_showscore_announcer_paid_warmup_live.sql...
NOTICE (00000): policy "Association announcers can view paid warmups" for relation "public.show_score_paid_warmups" does not exist, skipping
Applying migration 20260824131000_showscore_secretary_schedule_writes.sql...
NOTICE (00000): policy "Association secretaries can create shows" for relation "public.shows" does not exist, skipping
NOTICE (00000): policy "Association secretaries can update shows" for relation "public.shows" does not exist, skipping
NOTICE (00000): policy "Association secretaries can create show days" for relation "public.show_days" does not exist, skipping
NOTICE (00000): policy "Association secretaries can update show days" for relation "public.show_days" does not exist, skipping
NOTICE (00000): policy "Association secretaries can create blocks" for relation "public.blocks" does not exist, skipping
NOTICE (00000): policy "Association secretaries can update blocks" for relation "public.blocks" does not exist, skipping
Applying migration 20260904000100_secure_association_creation.sql...
Applying migration 20260904000200_restore_announcer_setup_defaults.sql...
WARN: no files matched pattern: supabase/seed.sql
Starting containers...
Waiting for health checks...
Started supabase local development setup.

