BEGIN
INSERT 0 6
INSERT 0 6
INSERT 0 0
INSERT 0 2
INSERT 0 3
INSERT 0 3
INSERT 0 5
INSERT 0 0
INSERT 0 2
INSERT 0 2
INSERT 0 2
INSERT 0 6
INSERT 0 3
INSERT 0 3
INSERT 0 3
INSERT 0 4
INSERT 0 4
INSERT 0 2
INSERT 0 2
INSERT 0 0
INSERT 0 0
INSERT 0 4
UPDATE 2
INSERT 0 2
INSERT 0 2
INSERT 0 2
INSERT 0 1
SET
10000000-0000-0000-0000-000000000004
authenticated
{"id":"49400000-0000-0000-0000-000000000001","name":"ShowScore association write test","short_name":"SSWT","timezone":"America/Toronto","logo_data_url":null,"website_url":null,"sponsor_logos":[],"created_at":"2026-09-04T20:14:43.096228+00:00","updated_at":"2026-09-04T20:14:43.096228+00:00"}
{"id": "49400000-0000-0000-0000-000000000001", "city": null, "name": "ShowScore association write confirmed", "slug": "showscore-association-write-test-49400000", "state": null, "address": null, "country": null, "currency": "USD", "logo_url": null, "tax_name": null, "tax_rate": 0.000, "timezone": "America/Toronto", "zip_code": null, "created_at": "2026-09-04T20:14:43.096228+00:00", "short_name": "SSWT", "tax_number": null, "updated_at": "2026-09-04T20:14:43.096228+00:00", "description": null, "website_url": null, "billing_name": null, "is_test_mode": false, "address_line2": null, "billing_email": null, "billing_phone": null, "logo_data_url": null, "sponsor_logos": [], "modules_enabled": {"show_score": true}, "subscription_plan": "premium", "back_number_policy": "horse", "created_by_user_id": null, "secondary_tax_name": null, "stripe_customer_id": null, "subscription_notes": null, "subscription_status": "active", "primary_contact_name": null, "secondary_tax_number": null, "default_refund_policy": "full_refund", "primary_contact_email": null, "primary_contact_phone": null, "subscription_expires_at": "2027-01-01T04:59:59+00:00", "legacy_showscore_association_id": null}
DO
DELETE 0
10000000-0000-0000-0000-000000000003
authenticated
INSERT 0 1
INSERT 0 1
INSERT 0 1
UPDATE 1
UPDATE 1
UPDATE 1
DO
ROLLBACK
